Your branch is up to date with 'origin/master'.
On branch master
Your branch is up to date with 'origin/master'.

Untracked files:
  (use "git add <file>..." to include in what will be committed)
	.local.git.out

nothing added to commit but untracked files present (use "git add" to track)
Your branch is up to date with 'origin/master'.
On branch master
Your branch is up to date with 'origin/master'.

Untracked files:
  (use "git add <file>..." to include in what will be committed)
	.local.git.out

nothing added to commit but untracked files present (use "git add" to track)
M	myMalloc.c
Your branch is up to date with 'origin/master'.
[master c52a948] Commit
 Committer: Naman Kansal <kansal2@data.cs.purdue.edu>
Your name and email address were configured automatically based
on your username and hostname. Please check that they are accurate.
You can suppress this message by setting them explicitly:

    git config --global user.name "Your Name"
    git config --global user.email you@example.com

After doing this, you may fix the identity used for this commit with:

    git commit --amend --reset-author

 1 file changed, 76 insertions(+), 4 deletions(-)
Your branch is up to date with 'origin/master'.
On branch master
Your branch is up to date with 'origin/master'.

Untracked files:
  (use "git add <file>..." to include in what will be committed)
	.local.git.out
	.myMalloc.c.swp
	examples/composite_ex
	examples/constructor_ex
	tests/test_all_lists
	tests/test_coalesce_chunk_coalesce
	tests/test_coalesce_chunk_insert
	tests/test_corrupted_canary
	tests/test_double_free
	tests/test_exact
	tests/test_free_both
	tests/test_free_even
	tests/test_free_insert
	tests/test_free_left
	tests/test_free_null
	tests/test_free_odd
	tests/test_free_right
	tests/test_insert_chunk
	tests/test_large
	tests/test_locks
	tests/test_malloc_large
	tests/test_malloc_too_large
	tests/test_malloc_zero
	tests/test_multi_malloc
	tests/test_out_of_ram
	tests/test_random
	tests/test_random_sizes
	tests/test_simple0
	tests/test_simple1
	tests/test_simple2
	tests/test_simple3
	tests/test_simple4
	tests/test_simple5
	tests/test_simple6
	tests/test_split
	tests/test_verify
	tests/test_very_large

nothing added to commit but untracked files present (use "git add" to track)
M	myMalloc.c
Your branch is up to date with 'origin/master'.
[master 57fb0b8] Commit
 Committer: Naman Kansal <kansal2@data.cs.purdue.edu>
Your name and email address were configured automatically based
on your username and hostname. Please check that they are accurate.
You can suppress this message by setting them explicitly:

    git config --global user.name "Your Name"
    git config --global user.email you@example.com

After doing this, you may fix the identity used for this commit with:

    git commit --amend --reset-author

 1 file changed, 4 insertions(+)
Your branch is up to date with 'origin/master'.
On branch master
Your branch is up to date with 'origin/master'.

Untracked files:
  (use "git add <file>..." to include in what will be committed)
	.local.git.out
	.myMalloc.c.swp
	examples/composite_ex
	examples/constructor_ex
	tests/test_all_lists
	tests/test_coalesce_chunk_coalesce
	tests/test_coalesce_chunk_insert
	tests/test_corrupted_canary
	tests/test_double_free
	tests/test_exact
	tests/test_free_both
	tests/test_free_even
	tests/test_free_insert
	tests/test_free_left
	tests/test_free_null
	tests/test_free_odd
	tests/test_free_right
	tests/test_insert_chunk
	tests/test_large
	tests/test_locks
	tests/test_malloc_large
	tests/test_malloc_too_large
	tests/test_malloc_zero
	tests/test_multi_malloc
	tests/test_out_of_ram
	tests/test_random
	tests/test_random_sizes
	tests/test_simple0
	tests/test_simple1
	tests/test_simple2
	tests/test_simple3
	tests/test_simple4
	tests/test_simple5
	tests/test_simple6
	tests/test_split
	tests/test_verify
	tests/test_very_large

nothing added to commit but untracked files present (use "git add" to track)
M	myMalloc.c
Your branch is up to date with 'origin/master'.
[master 4caa8ed] Commit
 Committer: Naman Kansal <kansal2@data.cs.purdue.edu>
Your name and email address were configured automatically based
on your username and hostname. Please check that they are accurate.
You can suppress this message by setting them explicitly:

    git config --global user.name "Your Name"
    git config --global user.email you@example.com

After doing this, you may fix the identity used for this commit with:

    git commit --amend --reset-author

 1 file changed, 2 insertions(+), 1 deletion(-)
Your branch is up to date with 'origin/master'.
On branch master
Your branch is up to date with 'origin/master'.

Untracked files:
  (use "git add <file>..." to include in what will be committed)
	.local.git.out
	.myMalloc.c.swp
	examples/composite_ex
	examples/constructor_ex
	tests/test_all_lists
	tests/test_coalesce_chunk_coalesce
	tests/test_coalesce_chunk_insert
	tests/test_corrupted_canary
	tests/test_double_free
	tests/test_exact
	tests/test_free_both
	tests/test_free_even
	tests/test_free_insert
	tests/test_free_left
	tests/test_free_null
	tests/test_free_odd
	tests/test_free_right
	tests/test_insert_chunk
	tests/test_large
	tests/test_locks
	tests/test_malloc_large
	tests/test_malloc_too_large
	tests/test_malloc_zero
	tests/test_multi_malloc
	tests/test_out_of_ram
	tests/test_random
	tests/test_random_sizes
	tests/test_simple0
	tests/test_simple1
	tests/test_simple2
	tests/test_simple3
	tests/test_simple4
	tests/test_simple5
	tests/test_simple6
	tests/test_split
	tests/test_verify
	tests/test_very_large

nothing added to commit but untracked files present (use "git add" to track)
M	myMalloc.c
Your branch is up to date with 'origin/master'.
[master bdd59f9] Commit
 Committer: Naman Kansal <kansal2@data.cs.purdue.edu>
Your name and email address were configured automatically based
on your username and hostname. Please check that they are accurate.
You can suppress this message by setting them explicitly:

    git config --global user.name "Your Name"
    git config --global user.email you@example.com

After doing this, you may fix the identity used for this commit with:

    git commit --amend --reset-author

 1 file changed, 5 insertions(+), 199 deletions(-)
Your branch is up to date with 'origin/master'.
On branch master
Your branch is up to date with 'origin/master'.

Untracked files:
  (use "git add <file>..." to include in what will be committed)
	.local.git.out
	.myMalloc.c.swp

nothing added to commit but untracked files present (use "git add" to track)
Your branch is up to date with 'origin/master'.
On branch master
Your branch is up to date with 'origin/master'.

Untracked files:
  (use "git add <file>..." to include in what will be committed)
	.local.git.out
	.myMalloc.c.swp
	examples/composite_ex
	examples/constructor_ex
	tests/test_all_lists
	tests/test_coalesce_chunk_coalesce
	tests/test_coalesce_chunk_insert
	tests/test_corrupted_canary
	tests/test_double_free
	tests/test_exact
	tests/test_free_both
	tests/test_free_even
	tests/test_free_insert
	tests/test_free_left
	tests/test_free_null
	tests/test_free_odd
	tests/test_free_right
	tests/test_insert_chunk
	tests/test_large
	tests/test_locks
	tests/test_malloc_large
	tests/test_malloc_too_large
	tests/test_malloc_zero
	tests/test_multi_malloc
	tests/test_out_of_ram
	tests/test_random
	tests/test_random_sizes
	tests/test_simple0
	tests/test_simple1
	tests/test_simple2
	tests/test_simple3
	tests/test_simple4
	tests/test_simple5
	tests/test_simple6
	tests/test_split
	tests/test_verify
	tests/test_very_large

nothing added to commit but untracked files present (use "git add" to track)
Your branch is up to date with 'origin/master'.
On branch master
Your branch is up to date with 'origin/master'.

Untracked files:
  (use "git add <file>..." to include in what will be committed)
	.local.git.out
	.myMalloc.c.swp
	examples/composite_ex
	examples/constructor_ex
	tests/test_all_lists
	tests/test_coalesce_chunk_coalesce
	tests/test_coalesce_chunk_insert
	tests/test_corrupted_canary
	tests/test_double_free
	tests/test_exact
	tests/test_free_both
	tests/test_free_even
	tests/test_free_insert
	tests/test_free_left
	tests/test_free_null
	tests/test_free_odd
	tests/test_free_right
	tests/test_insert_chunk
	tests/test_large
	tests/test_locks
	tests/test_malloc_large
	tests/test_malloc_too_large
	tests/test_malloc_zero
	tests/test_multi_malloc
	tests/test_out_of_ram
	tests/test_random
	tests/test_random_sizes
	tests/test_simple0
	tests/test_simple1
	tests/test_simple2
	tests/test_simple3
	tests/test_simple4
	tests/test_simple5
	tests/test_simple6
	tests/test_split
	tests/test_verify
	tests/test_very_large

nothing added to commit but untracked files present (use "git add" to track)
M	myMalloc.c
M	total.txt
Your branch is up to date with 'origin/master'.
[master bd82713] Commit
 Committer: Naman Kansal <kansal2@data.cs.purdue.edu>
Your name and email address were configured automatically based
on your username and hostname. Please check that they are accurate.
You can suppress this message by setting them explicitly:

    git config --global user.name "Your Name"
    git config --global user.email you@example.com

After doing this, you may fix the identity used for this commit with:

    git commit --amend --reset-author

 2 files changed, 17 insertions(+), 2 deletions(-)
Your branch is up to date with 'origin/master'.
On branch master
Your branch is up to date with 'origin/master'.

Untracked files:
  (use "git add <file>..." to include in what will be committed)
	.local.git.out
	.myMalloc.c.swp
	examples/composite_ex
	examples/constructor_ex
	tests/test_all_lists
	tests/test_coalesce_chunk_coalesce
	tests/test_coalesce_chunk_insert
	tests/test_corrupted_canary
	tests/test_double_free
	tests/test_exact
	tests/test_free_both
	tests/test_free_even
	tests/test_free_insert
	tests/test_free_left
	tests/test_free_null
	tests/test_free_odd
	tests/test_free_right
	tests/test_insert_chunk
	tests/test_large
	tests/test_locks
	tests/test_malloc_large
	tests/test_malloc_too_large
	tests/test_malloc_zero
	tests/test_multi_malloc
	tests/test_out_of_ram
	tests/test_random
	tests/test_random_sizes
	tests/test_simple0
	tests/test_simple1
	tests/test_simple2
	tests/test_simple3
	tests/test_simple4
	tests/test_simple5
	tests/test_simple6
	tests/test_split
	tests/test_verify
	tests/test_very_large

nothing added to commit but untracked files present (use "git add" to track)
M	total.txt
Your branch is up to date with 'origin/master'.
[master dabf8f3] Commit
 Committer: Naman Kansal <kansal2@data.cs.purdue.edu>
Your name and email address were configured automatically based
on your username and hostname. Please check that they are accurate.
You can suppress this message by setting them explicitly:

    git config --global user.name "Your Name"
    git config --global user.email you@example.com

After doing this, you may fix the identity used for this commit with:

    git commit --amend --reset-author

 1 file changed, 1 insertion(+)
Your branch is up to date with 'origin/master'.
On branch master
Your branch is up to date with 'origin/master'.

Untracked files:
  (use "git add <file>..." to include in what will be committed)
	.local.git.out
	.myMalloc.c.swp

nothing added to commit but untracked files present (use "git add" to track)
M	myMalloc.c
M	total.txt
Your branch is up to date with 'origin/master'.
[master bf9819a] Commit
 Committer: Naman Kansal <kansal2@data.cs.purdue.edu>
Your name and email address were configured automatically based
on your username and hostname. Please check that they are accurate.
You can suppress this message by setting them explicitly:

    git config --global user.name "Your Name"
    git config --global user.email you@example.com

After doing this, you may fix the identity used for this commit with:

    git commit --amend --reset-author

 2 files changed, 2 insertions(+)
Your branch is up to date with 'origin/master'.
On branch master
Your branch is up to date with 'origin/master'.

Untracked files:
  (use "git add <file>..." to include in what will be committed)
	.local.git.out
	.myMalloc.c.swp

nothing added to commit but untracked files present (use "git add" to track)
M	myMalloc.c
M	total.txt
Your branch is up to date with 'origin/master'.
[master 73a51fa] Commit
 Committer: Naman Kansal <kansal2@data.cs.purdue.edu>
Your name and email address were configured automatically based
on your username and hostname. Please check that they are accurate.
You can suppress this message by setting them explicitly:

    git config --global user.name "Your Name"
    git config --global user.email you@example.com

After doing this, you may fix the identity used for this commit with:

    git commit --amend --reset-author

 2 files changed, 124 insertions(+), 101 deletions(-)
Your branch is up to date with 'origin/master'.
On branch master
Your branch is up to date with 'origin/master'.

Untracked files:
  (use "git add <file>..." to include in what will be committed)
	.local.git.out
	.myMalloc.c.swp

nothing added to commit but untracked files present (use "git add" to track)
M	myMalloc.c
M	total.txt
Your branch is up to date with 'origin/master'.
[master 983e9a9] Commit
 Committer: Naman Kansal <kansal2@data.cs.purdue.edu>
Your name and email address were configured automatically based
on your username and hostname. Please check that they are accurate.
You can suppress this message by setting them explicitly:

    git config --global user.name "Your Name"
    git config --global user.email you@example.com

After doing this, you may fix the identity used for this commit with:

    git commit --amend --reset-author

 2 files changed, 11 insertions(+), 3 deletions(-)
Your branch is up to date with 'origin/master'.
On branch master
Your branch is up to date with 'origin/master'.

Untracked files:
  (use "git add <file>..." to include in what will be committed)
	.local.git.out
	.myMalloc.c.swp

nothing added to commit but untracked files present (use "git add" to track)
M	myMalloc.c
M	total.txt
Your branch is up to date with 'origin/master'.
[master 3b5c516] Commit
 Committer: Naman Kansal <kansal2@data.cs.purdue.edu>
Your name and email address were configured automatically based
on your username and hostname. Please check that they are accurate.
You can suppress this message by setting them explicitly:

    git config --global user.name "Your Name"
    git config --global user.email you@example.com

After doing this, you may fix the identity used for this commit with:

    git commit --amend --reset-author

 2 files changed, 6 insertions(+), 5 deletions(-)
Your branch is up to date with 'origin/master'.
On branch master
Your branch is up to date with 'origin/master'.

Untracked files:
  (use "git add <file>..." to include in what will be committed)
	.local.git.out
	.myMalloc.c.swp

nothing added to commit but untracked files present (use "git add" to track)
Your branch is up to date with 'origin/master'.
On branch master
Your branch is up to date with 'origin/master'.

Untracked files:
  (use "git add <file>..." to include in what will be committed)
	.local.git.out
	.myMalloc.c.swp

nothing added to commit but untracked files present (use "git add" to track)
Your branch is up to date with 'origin/master'.
On branch master
Your branch is up to date with 'origin/master'.

Untracked files:
  (use "git add <file>..." to include in what will be committed)
	.local.git.out
	.myMalloc.c.swp

nothing added to commit but untracked files present (use "git add" to track)
M	myMalloc.c
M	total.txt
Your branch is up to date with 'origin/master'.
[master ad12e51] Commit
 Committer: Naman Kansal <kansal2@data.cs.purdue.edu>
Your name and email address were configured automatically based
on your username and hostname. Please check that they are accurate.
You can suppress this message by setting them explicitly:

    git config --global user.name "Your Name"
    git config --global user.email you@example.com

After doing this, you may fix the identity used for this commit with:

    git commit --amend --reset-author

 2 files changed, 9 insertions(+), 6 deletions(-)
Your branch is up to date with 'origin/master'.
On branch master
Your branch is up to date with 'origin/master'.

Untracked files:
  (use "git add <file>..." to include in what will be committed)
	.local.git.out
	.myMalloc.c.swp
	actual.txt
	expected.txt

nothing added to commit but untracked files present (use "git add" to track)
M	myMalloc.c
M	total.txt
Your branch is up to date with 'origin/master'.
[master 13b5ac8] Commit
 Committer: Naman Kansal <kansal2@data.cs.purdue.edu>
Your name and email address were configured automatically based
on your username and hostname. Please check that they are accurate.
You can suppress this message by setting them explicitly:

    git config --global user.name "Your Name"
    git config --global user.email you@example.com

After doing this, you may fix the identity used for this commit with:

    git commit --amend --reset-author

 2 files changed, 23 insertions(+), 21 deletions(-)
Your branch is up to date with 'origin/master'.
On branch master
Your branch is up to date with 'origin/master'.

Untracked files:
  (use "git add <file>..." to include in what will be committed)
	.local.git.out
	.myMalloc.c.swp
	actual.txt
	expected.txt

nothing added to commit but untracked files present (use "git add" to track)
M	myMalloc.c
M	total.txt
Your branch is up to date with 'origin/master'.
[master 8f745fe] Commit
 Committer: Naman Kansal <kansal2@data.cs.purdue.edu>
Your name and email address were configured automatically based
on your username and hostname. Please check that they are accurate.
You can suppress this message by setting them explicitly:

    git config --global user.name "Your Name"
    git config --global user.email you@example.com

After doing this, you may fix the identity used for this commit with:

    git commit --amend --reset-author

 2 files changed, 22 insertions(+), 22 deletions(-)
Your branch is up to date with 'origin/master'.
On branch master
Your branch is up to date with 'origin/master'.

Untracked files:
  (use "git add <file>..." to include in what will be committed)
	.local.git.out
	.myMalloc.c.swp
	actual.txt
	expected.txt

nothing added to commit but untracked files present (use "git add" to track)
M	myMalloc.c
M	total.txt
Your branch is up to date with 'origin/master'.
[master b0a90da] Commit
 Committer: Naman Kansal <kansal2@data.cs.purdue.edu>
Your name and email address were configured automatically based
on your username and hostname. Please check that they are accurate.
You can suppress this message by setting them explicitly:

    git config --global user.name "Your Name"
    git config --global user.email you@example.com

After doing this, you may fix the identity used for this commit with:

    git commit --amend --reset-author

 2 files changed, 27 insertions(+), 11 deletions(-)
Your branch is up to date with 'origin/master'.
On branch master
Your branch is up to date with 'origin/master'.

Untracked files:
  (use "git add <file>..." to include in what will be committed)
	.local.git.out
	.myMalloc.c.swp
	actual.txt
	expected.txt

nothing added to commit but untracked files present (use "git add" to track)
M	total.txt
Your branch is up to date with 'origin/master'.
[master 58c3d80] Commit
 Committer: Naman Kansal <kansal2@data.cs.purdue.edu>
Your name and email address were configured automatically based
on your username and hostname. Please check that they are accurate.
You can suppress this message by setting them explicitly:

    git config --global user.name "Your Name"
    git config --global user.email you@example.com

After doing this, you may fix the identity used for this commit with:

    git commit --amend --reset-author

 1 file changed, 3 insertions(+)
Your branch is up to date with 'origin/master'.
On branch master
Your branch is up to date with 'origin/master'.

Untracked files:
  (use "git add <file>..." to include in what will be committed)
	.local.git.out
	.myMalloc.c.swp
	actual.txt
	expected.txt

nothing added to commit but untracked files present (use "git add" to track)
D	.myMalloc.c.swp
Your branch is ahead of 'origin/master' by 1 commit.
  (use "git push" to publish your local commits)
[master d8f7ba6] Commit
 Committer: Naman Kansal <kansal2@data.cs.purdue.edu>
Your name and email address were configured automatically based
on your username and hostname. Please check that they are accurate.
You can suppress this message by setting them explicitly:

    git config --global user.name "Your Name"
    git config --global user.email you@example.com

After doing this, you may fix the identity used for this commit with:

    git commit --amend --reset-author

 2 files changed, 3 insertions(+)
 delete mode 100644 .myMalloc.c.swp
M	.local.git.out
Your branch is up to date with 'origin/master'.
[master 41645db] Commit
 Committer: Naman Kansal <kansal2@data.cs.purdue.edu>
Your name and email address were configured automatically based
on your username and hostname. Please check that they are accurate.
You can suppress this message by setting them explicitly:

    git config --global user.name "Your Name"
    git config --global user.email you@example.com

After doing this, you may fix the identity used for this commit with:

    git commit --amend --reset-author

 1 file changed, 17 insertions(+)
M	.local.git.out
M	total.txt
Your branch is up to date with 'origin/master'.
[master 34e2e96] Commit
 Committer: Naman Kansal <kansal2@data.cs.purdue.edu>
Your name and email address were configured automatically based
on your username and hostname. Please check that they are accurate.
You can suppress this message by setting them explicitly:

    git config --global user.name "Your Name"
    git config --global user.email you@example.com

After doing this, you may fix the identity used for this commit with:

    git commit --amend --reset-author

 2 files changed, 20 insertions(+)
M	.local.git.out
Your branch is up to date with 'origin/master'.
[master b4a8d34] Commit
 Committer: Naman Kansal <kansal2@data.cs.purdue.edu>
Your name and email address were configured automatically based
on your username and hostname. Please check that they are accurate.
You can suppress this message by setting them explicitly:

    git config --global user.name "Your Name"
    git config --global user.email you@example.com

After doing this, you may fix the identity used for this commit with:

    git commit --amend --reset-author

 1 file changed, 16 insertions(+)
M	.local.git.out
M	total.txt
Your branch is up to date with 'origin/master'.
[master cf32eed] Commit
 Committer: Naman Kansal <kansal2@data.cs.purdue.edu>
Your name and email address were configured automatically based
on your username and hostname. Please check that they are accurate.
You can suppress this message by setting them explicitly:

    git config --global user.name "Your Name"
    git config --global user.email you@example.com

After doing this, you may fix the identity used for this commit with:

    git commit --amend --reset-author

 2 files changed, 18 insertions(+)
M	.local.git.out
Your branch is up to date with 'origin/master'.
[master be4995d] Commit
 Committer: Naman Kansal <kansal2@data.cs.purdue.edu>
Your name and email address were configured automatically based
on your username and hostname. Please check that they are accurate.
You can suppress this message by setting them explicitly:

    git config --global user.name "Your Name"
    git config --global user.email you@example.com

After doing this, you may fix the identity used for this commit with:

    git commit --amend --reset-author

 1 file changed, 16 insertions(+)
M	.local.git.out
M	total.txt
Your branch is up to date with 'origin/master'.
[master 8b4c43c] Commit
 Committer: Naman Kansal <kansal2@data.cs.purdue.edu>
Your name and email address were configured automatically based
on your username and hostname. Please check that they are accurate.
You can suppress this message by setting them explicitly:

    git config --global user.name "Your Name"
    git config --global user.email you@example.com

After doing this, you may fix the identity used for this commit with:

    git commit --amend --reset-author

 2 files changed, 18 insertions(+)
M	.local.git.out
Your branch is up to date with 'origin/master'.
[master d020900] Commit
 Committer: Naman Kansal <kansal2@data.cs.purdue.edu>
Your name and email address were configured automatically based
on your username and hostname. Please check that they are accurate.
You can suppress this message by setting them explicitly:

    git config --global user.name "Your Name"
    git config --global user.email you@example.com

After doing this, you may fix the identity used for this commit with:

    git commit --amend --reset-author

 1 file changed, 16 insertions(+)
M	.local.git.out
Your branch is up to date with 'origin/master'.
[master 369d86b] Commit
 Committer: Naman Kansal <kansal2@data.cs.purdue.edu>
Your name and email address were configured automatically based
on your username and hostname. Please check that they are accurate.
You can suppress this message by setting them explicitly:

    git config --global user.name "Your Name"
    git config --global user.email you@example.com

After doing this, you may fix the identity used for this commit with:

    git commit --amend --reset-author

 1 file changed, 16 insertions(+)
M	.local.git.out
Your branch is up to date with 'origin/master'.
[master 208ff4c] Commit
 Committer: Naman Kansal <kansal2@data.cs.purdue.edu>
Your name and email address were configured automatically based
on your username and hostname. Please check that they are accurate.
You can suppress this message by setting them explicitly:

    git config --global user.name "Your Name"
    git config --global user.email you@example.com

After doing this, you may fix the identity used for this commit with:

    git commit --amend --reset-author

 1 file changed, 16 insertions(+)
M	.local.git.out
M	total.txt
Your branch is up to date with 'origin/master'.
[master 3cbba8d] Commit
 Committer: Naman Kansal <kansal2@data.cs.purdue.edu>
Your name and email address were configured automatically based
on your username and hostname. Please check that they are accurate.
You can suppress this message by setting them explicitly:

    git config --global user.name "Your Name"
    git config --global user.email you@example.com

After doing this, you may fix the identity used for this commit with:

    git commit --amend --reset-author

 2 files changed, 18 insertions(+)
M	.local.git.out
Your branch is up to date with 'origin/master'.
[master fb61f2f] Commit
 Committer: Naman Kansal <kansal2@data.cs.purdue.edu>
Your name and email address were configured automatically based
on your username and hostname. Please check that they are accurate.
You can suppress this message by setting them explicitly:

    git config --global user.name "Your Name"
    git config --global user.email you@example.com

After doing this, you may fix the identity used for this commit with:

    git commit --amend --reset-author

 1 file changed, 16 insertions(+)
M	.local.git.out
M	total.txt
Your branch is up to date with 'origin/master'.
[master 50fc143] Commit
 Committer: Naman Kansal <kansal2@data.cs.purdue.edu>
Your name and email address were configured automatically based
on your username and hostname. Please check that they are accurate.
You can suppress this message by setting them explicitly:

    git config --global user.name "Your Name"
    git config --global user.email you@example.com

After doing this, you may fix the identity used for this commit with:

    git commit --amend --reset-author

 2 files changed, 19 insertions(+)
M	.local.git.out
Your branch is up to date with 'origin/master'.
[master 0d10f9a] Commit
 Committer: Naman Kansal <kansal2@data.cs.purdue.edu>
Your name and email address were configured automatically based
on your username and hostname. Please check that they are accurate.
You can suppress this message by setting them explicitly:

    git config --global user.name "Your Name"
    git config --global user.email you@example.com

After doing this, you may fix the identity used for this commit with:

    git commit --amend --reset-author

 1 file changed, 16 insertions(+)
M	.local.git.out
M	actual.txt
M	expected.txt
M	total.txt
Your branch is up to date with 'origin/master'.
[master 1656c9d] Commit
 Committer: Naman Kansal <kansal2@data.cs.purdue.edu>
Your name and email address were configured automatically based
on your username and hostname. Please check that they are accurate.
You can suppress this message by setting them explicitly:

    git config --global user.name "Your Name"
    git config --global user.email you@example.com

After doing this, you may fix the identity used for this commit with:

    git commit --amend --reset-author

 4 files changed, 309148 insertions(+), 285 deletions(-)
M	.local.git.out
Your branch is up to date with 'origin/master'.
[master 4aeec3c] Commit
 Committer: Naman Kansal <kansal2@data.cs.purdue.edu>
Your name and email address were configured automatically based
on your username and hostname. Please check that they are accurate.
You can suppress this message by setting them explicitly:

    git config --global user.name "Your Name"
    git config --global user.email you@example.com

After doing this, you may fix the identity used for this commit with:

    git commit --amend --reset-author

 1 file changed, 16 insertions(+)
M	.local.git.out
Your branch is up to date with 'origin/master'.
[master 72be7ee] Commit
 Committer: Naman Kansal <kansal2@data.cs.purdue.edu>
Your name and email address were configured automatically based
on your username and hostname. Please check that they are accurate.
You can suppress this message by setting them explicitly:

    git config --global user.name "Your Name"
    git config --global user.email you@example.com

After doing this, you may fix the identity used for this commit with:

    git commit --amend --reset-author

 1 file changed, 16 insertions(+)
M	.local.git.out
Your branch is up to date with 'origin/master'.
[master 8645274] Commit
 Committer: Naman Kansal <kansal2@data.cs.purdue.edu>
Your name and email address were configured automatically based
on your username and hostname. Please check that they are accurate.
You can suppress this message by setting them explicitly:

    git config --global user.name "Your Name"
    git config --global user.email you@example.com

After doing this, you may fix the identity used for this commit with:

    git commit --amend --reset-author

 1 file changed, 16 insertions(+)
M	.local.git.out
Your branch is up to date with 'origin/master'.
[master a6e04b4] Commit
 Committer: Naman Kansal <kansal2@data.cs.purdue.edu>
Your name and email address were configured automatically based
on your username and hostname. Please check that they are accurate.
You can suppress this message by setting them explicitly:

    git config --global user.name "Your Name"
    git config --global user.email you@example.com

After doing this, you may fix the identity used for this commit with:

    git commit --amend --reset-author

 1 file changed, 16 insertions(+)
M	.local.git.out
Your branch is up to date with 'origin/master'.
[master 63a5cb6] Commit
 Committer: Naman Kansal <kansal2@data.cs.purdue.edu>
Your name and email address were configured automatically based
on your username and hostname. Please check that they are accurate.
You can suppress this message by setting them explicitly:

    git config --global user.name "Your Name"
    git config --global user.email you@example.com

After doing this, you may fix the identity used for this commit with:

    git commit --amend --reset-author

 1 file changed, 16 insertions(+)
M	.local.git.out
Your branch is up to date with 'origin/master'.
[master 9d8fad1] Commit
 Committer: Naman Kansal <kansal2@data.cs.purdue.edu>
Your name and email address were configured automatically based
on your username and hostname. Please check that they are accurate.
You can suppress this message by setting them explicitly:

    git config --global user.name "Your Name"
    git config --global user.email you@example.com

After doing this, you may fix the identity used for this commit with:

    git commit --amend --reset-author

 1 file changed, 16 insertions(+)
M	.local.git.out
Your branch is up to date with 'origin/master'.
[master 7b9b6fb] Commit
 Committer: Naman Kansal <kansal2@data.cs.purdue.edu>
Your name and email address were configured automatically based
on your username and hostname. Please check that they are accurate.
You can suppress this message by setting them explicitly:

    git config --global user.name "Your Name"
    git config --global user.email you@example.com

After doing this, you may fix the identity used for this commit with:

    git commit --amend --reset-author

 1 file changed, 16 insertions(+)
M	.local.git.out
M	total.txt
Your branch is up to date with 'origin/master'.
[master 063e4a3] Commit
 Committer: Naman Kansal <kansal2@data.cs.purdue.edu>
Your name and email address were configured automatically based
on your username and hostname. Please check that they are accurate.
You can suppress this message by setting them explicitly:

    git config --global user.name "Your Name"
    git config --global user.email you@example.com

After doing this, you may fix the identity used for this commit with:

    git commit --amend --reset-author

 2 files changed, 19 insertions(+)
M	.local.git.out
Your branch is up to date with 'origin/master'.
[master 871451f] Commit
 Committer: Naman Kansal <kansal2@data.cs.purdue.edu>
Your name and email address were configured automatically based
on your username and hostname. Please check that they are accurate.
You can suppress this message by setting them explicitly:

    git config --global user.name "Your Name"
    git config --global user.email you@example.com

After doing this, you may fix the identity used for this commit with:

    git commit --amend --reset-author

 1 file changed, 16 insertions(+)
M	.local.git.out
M	total.txt
Your branch is up to date with 'origin/master'.
[master 07c29eb] Commit
 Committer: Naman Kansal <kansal2@data.cs.purdue.edu>
Your name and email address were configured automatically based
on your username and hostname. Please check that they are accurate.
You can suppress this message by setting them explicitly:

    git config --global user.name "Your Name"
    git config --global user.email you@example.com

After doing this, you may fix the identity used for this commit with:

    git commit --amend --reset-author

 2 files changed, 18 insertions(+)
M	.local.git.out
Your branch is up to date with 'origin/master'.
[master 6246354] Commit
 Committer: Naman Kansal <kansal2@data.cs.purdue.edu>
Your name and email address were configured automatically based
on your username and hostname. Please check that they are accurate.
You can suppress this message by setting them explicitly:

    git config --global user.name "Your Name"
    git config --global user.email you@example.com

After doing this, you may fix the identity used for this commit with:

    git commit --amend --reset-author

 1 file changed, 16 insertions(+)
M	.local.git.out
M	total.txt
Your branch is up to date with 'origin/master'.
[master bbd6c64] Commit
 Committer: Naman Kansal <kansal2@data.cs.purdue.edu>
Your name and email address were configured automatically based
on your username and hostname. Please check that they are accurate.
You can suppress this message by setting them explicitly:

    git config --global user.name "Your Name"
    git config --global user.email you@example.com

After doing this, you may fix the identity used for this commit with:

    git commit --amend --reset-author

 2 files changed, 18 insertions(+)
M	.local.git.out
Your branch is up to date with 'origin/master'.
[master af0d38a] Commit
 Committer: Naman Kansal <kansal2@data.cs.purdue.edu>
Your name and email address were configured automatically based
on your username and hostname. Please check that they are accurate.
You can suppress this message by setting them explicitly:

    git config --global user.name "Your Name"
    git config --global user.email you@example.com

After doing this, you may fix the identity used for this commit with:

    git commit --amend --reset-author

 1 file changed, 16 insertions(+)
M	.local.git.out
M	total.txt
Your branch is up to date with 'origin/master'.
[master 62ba072] Commit
 Committer: Naman Kansal <kansal2@data.cs.purdue.edu>
Your name and email address were configured automatically based
on your username and hostname. Please check that they are accurate.
You can suppress this message by setting them explicitly:

    git config --global user.name "Your Name"
    git config --global user.email you@example.com

After doing this, you may fix the identity used for this commit with:

    git commit --amend --reset-author

 2 files changed, 18 insertions(+)
M	.local.git.out
Your branch is up to date with 'origin/master'.
[master 4592ffe] Commit
 Committer: Naman Kansal <kansal2@data.cs.purdue.edu>
Your name and email address were configured automatically based
on your username and hostname. Please check that they are accurate.
You can suppress this message by setting them explicitly:

    git config --global user.name "Your Name"
    git config --global user.email you@example.com

After doing this, you may fix the identity used for this commit with:

    git commit --amend --reset-author

 1 file changed, 16 insertions(+)
M	.local.git.out
M	total.txt
Your branch is up to date with 'origin/master'.
[master 4d4364b] Commit
 Committer: Naman Kansal <kansal2@data.cs.purdue.edu>
Your name and email address were configured automatically based
on your username and hostname. Please check that they are accurate.
You can suppress this message by setting them explicitly:

    git config --global user.name "Your Name"
    git config --global user.email you@example.com

After doing this, you may fix the identity used for this commit with:

    git commit --amend --reset-author

 2 files changed, 18 insertions(+)
M	.local.git.out
Your branch is up to date with 'origin/master'.
[master eb1e090] Commit
 Committer: Naman Kansal <kansal2@data.cs.purdue.edu>
Your name and email address were configured automatically based
on your username and hostname. Please check that they are accurate.
You can suppress this message by setting them explicitly:

    git config --global user.name "Your Name"
    git config --global user.email you@example.com

After doing this, you may fix the identity used for this commit with:

    git commit --amend --reset-author

 1 file changed, 16 insertions(+)
M	.local.git.out
M	total.txt
Your branch is up to date with 'origin/master'.
[master c2f6be4] Commit
 Committer: Naman Kansal <kansal2@data.cs.purdue.edu>
Your name and email address were configured automatically based
on your username and hostname. Please check that they are accurate.
You can suppress this message by setting them explicitly:

    git config --global user.name "Your Name"
    git config --global user.email you@example.com

After doing this, you may fix the identity used for this commit with:

    git commit --amend --reset-author

 2 files changed, 18 insertions(+)
M	.local.git.out
Your branch is up to date with 'origin/master'.
[master 379b2df] Commit
 Committer: Naman Kansal <kansal2@data.cs.purdue.edu>
Your name and email address were configured automatically based
on your username and hostname. Please check that they are accurate.
You can suppress this message by setting them explicitly:

    git config --global user.name "Your Name"
    git config --global user.email you@example.com

After doing this, you may fix the identity used for this commit with:

    git commit --amend --reset-author

 1 file changed, 16 insertions(+)
M	.local.git.out
M	total.txt
Your branch is up to date with 'origin/master'.
[master 3e474a4] Commit
 Committer: Naman Kansal <kansal2@data.cs.purdue.edu>
Your name and email address were configured automatically based
on your username and hostname. Please check that they are accurate.
You can suppress this message by setting them explicitly:

    git config --global user.name "Your Name"
    git config --global user.email you@example.com

After doing this, you may fix the identity used for this commit with:

    git commit --amend --reset-author

 2 files changed, 18 insertions(+)
M	.local.git.out
Your branch is up to date with 'origin/master'.
[master 3651d49] Commit
 Committer: Naman Kansal <kansal2@data.cs.purdue.edu>
Your name and email address were configured automatically based
on your username and hostname. Please check that they are accurate.
You can suppress this message by setting them explicitly:

    git config --global user.name "Your Name"
    git config --global user.email you@example.com

After doing this, you may fix the identity used for this commit with:

    git commit --amend --reset-author

 1 file changed, 16 insertions(+)
M	.local.git.out
M	total.txt
Your branch is up to date with 'origin/master'.
[master 25517ea] Commit
 Committer: Naman Kansal <kansal2@data.cs.purdue.edu>
Your name and email address were configured automatically based
on your username and hostname. Please check that they are accurate.
You can suppress this message by setting them explicitly:

    git config --global user.name "Your Name"
    git config --global user.email you@example.com

After doing this, you may fix the identity used for this commit with:

    git commit --amend --reset-author

 2 files changed, 18 insertions(+)
M	.local.git.out
Your branch is up to date with 'origin/master'.
[master 5875c17] Commit
 Committer: Naman Kansal <kansal2@data.cs.purdue.edu>
Your name and email address were configured automatically based
on your username and hostname. Please check that they are accurate.
You can suppress this message by setting them explicitly:

    git config --global user.name "Your Name"
    git config --global user.email you@example.com

After doing this, you may fix the identity used for this commit with:

    git commit --amend --reset-author

 1 file changed, 16 insertions(+)
M	.local.git.out
Your branch is up to date with 'origin/master'.
[master a21b4bf] Commit
 Committer: Naman Kansal <kansal2@data.cs.purdue.edu>
Your name and email address were configured automatically based
on your username and hostname. Please check that they are accurate.
You can suppress this message by setting them explicitly:

    git config --global user.name "Your Name"
    git config --global user.email you@example.com

After doing this, you may fix the identity used for this commit with:

    git commit --amend --reset-author

 1 file changed, 16 insertions(+)
M	.local.git.out
Your branch is up to date with 'origin/master'.
[master d501d53] Commit
 Committer: Naman Kansal <kansal2@data.cs.purdue.edu>
Your name and email address were configured automatically based
on your username and hostname. Please check that they are accurate.
You can suppress this message by setting them explicitly:

    git config --global user.name "Your Name"
    git config --global user.email you@example.com

After doing this, you may fix the identity used for this commit with:

    git commit --amend --reset-author

 1 file changed, 16 insertions(+)
M	.local.git.out
M	total.txt
Your branch is up to date with 'origin/master'.
[master 5dba0a8] Commit
 Committer: Naman Kansal <kansal2@data.cs.purdue.edu>
Your name and email address were configured automatically based
on your username and hostname. Please check that they are accurate.
You can suppress this message by setting them explicitly:

    git config --global user.name "Your Name"
    git config --global user.email you@example.com

After doing this, you may fix the identity used for this commit with:

    git commit --amend --reset-author

 2 files changed, 18 insertions(+)
M	.local.git.out
Your branch is up to date with 'origin/master'.
[master 5ae1d55] Commit
 Committer: Naman Kansal <kansal2@data.cs.purdue.edu>
Your name and email address were configured automatically based
on your username and hostname. Please check that they are accurate.
You can suppress this message by setting them explicitly:

    git config --global user.name "Your Name"
    git config --global user.email you@example.com

After doing this, you may fix the identity used for this commit with:

    git commit --amend --reset-author

 1 file changed, 16 insertions(+)
M	.local.git.out
M	myMalloc.c
Your branch is up to date with 'origin/master'.
[master 4c059f0] Commit
 Committer: Naman Kansal <kansal2@data.cs.purdue.edu>
Your name and email address were configured automatically based
on your username and hostname. Please check that they are accurate.
You can suppress this message by setting them explicitly:

    git config --global user.name "Your Name"
    git config --global user.email you@example.com

After doing this, you may fix the identity used for this commit with:

    git commit --amend --reset-author

 2 files changed, 96 insertions(+), 45 deletions(-)
M	.local.git.out
Your branch is up to date with 'origin/master'.
[master 6c11304] Commit
 Committer: Naman Kansal <kansal2@data.cs.purdue.edu>
Your name and email address were configured automatically based
on your username and hostname. Please check that they are accurate.
You can suppress this message by setting them explicitly:

    git config --global user.name "Your Name"
    git config --global user.email you@example.com

After doing this, you may fix the identity used for this commit with:

    git commit --amend --reset-author

 1 file changed, 16 insertions(+)
M	.local.git.out
M	tests/test_all_lists
M	tests/test_coalesce_chunk_coalesce
M	tests/test_coalesce_chunk_insert
M	tests/test_corrupted_canary
M	tests/test_double_free
M	tests/test_exact
M	tests/test_free_both
M	tests/test_free_even
M	tests/test_free_insert
M	tests/test_free_left
M	tests/test_free_null
M	tests/test_free_odd
M	tests/test_free_right
M	tests/test_insert_chunk
M	tests/test_large
M	tests/test_locks
M	tests/test_malloc_large
M	tests/test_malloc_too_large
M	tests/test_malloc_zero
M	tests/test_multi_malloc
M	tests/test_out_of_ram
M	tests/test_random
M	tests/test_random_sizes
M	tests/test_simple0
M	tests/test_simple1
M	tests/test_simple2
M	tests/test_simple3
M	tests/test_simple4
M	tests/test_simple5
M	tests/test_simple6
M	tests/test_split
M	tests/test_verify
M	tests/test_very_large
M	total.txt
Your branch is up to date with 'origin/master'.
[master a5b48af] Commit
 Committer: Naman Kansal <kansal2@data.cs.purdue.edu>
Your name and email address were configured automatically based
on your username and hostname. Please check that they are accurate.
You can suppress this message by setting them explicitly:

    git config --global user.name "Your Name"
    git config --global user.email you@example.com

After doing this, you may fix the identity used for this commit with:

    git commit --amend --reset-author

 35 files changed, 51 insertions(+)
 rewrite tests/test_all_lists (74%)
 rewrite tests/test_coalesce_chunk_coalesce (70%)
 rewrite tests/test_coalesce_chunk_insert (71%)
 rewrite tests/test_corrupted_canary (83%)
 rewrite tests/test_double_free (83%)
 rewrite tests/test_exact (70%)
 rewrite tests/test_free_both (69%)
 rewrite tests/test_free_even (71%)
 rewrite tests/test_free_insert (65%)
 rewrite tests/test_free_left (69%)
 rewrite tests/test_free_null (70%)
 rewrite tests/test_free_odd (65%)
 rewrite tests/test_free_right (74%)
 rewrite tests/test_insert_chunk (71%)
 rewrite tests/test_large (70%)
 rewrite tests/test_locks (70%)
 rewrite tests/test_malloc_large (71%)
 rewrite tests/test_malloc_zero (61%)
 rewrite tests/test_multi_malloc (71%)
 rewrite tests/test_out_of_ram (62%)
 rewrite tests/test_random (64%)
 rewrite tests/test_simple0 (71%)
 rewrite tests/test_simple1 (73%)
 rewrite tests/test_simple2 (71%)
 rewrite tests/test_simple3 (71%)
 rewrite tests/test_simple4 (71%)
 rewrite tests/test_simple5 (71%)
 rewrite tests/test_simple6 (70%)
 rewrite tests/test_split (70%)
 rewrite tests/test_verify (75%)
M	.local.git.out
Your branch is up to date with 'origin/master'.
[master 0a49abe] Commit
 Committer: Naman Kansal <kansal2@data.cs.purdue.edu>
Your name and email address were configured automatically based
on your username and hostname. Please check that they are accurate.
You can suppress this message by setting them explicitly:

    git config --global user.name "Your Name"
    git config --global user.email you@example.com

After doing this, you may fix the identity used for this commit with:

    git commit --amend --reset-author

 1 file changed, 46 insertions(+)
M	.local.git.out
M	total.txt
Your branch is up to date with 'origin/master'.
[master e27c696] Commit
 Committer: Naman Kansal <kansal2@data.cs.purdue.edu>
Your name and email address were configured automatically based
on your username and hostname. Please check that they are accurate.
You can suppress this message by setting them explicitly:

    git config --global user.name "Your Name"
    git config --global user.email you@example.com

After doing this, you may fix the identity used for this commit with:

    git commit --amend --reset-author

 2 files changed, 18 insertions(+)
M	.local.git.out
Your branch is up to date with 'origin/master'.
[master a702aec] Commit
 Committer: Naman Kansal <kansal2@data.cs.purdue.edu>
Your name and email address were configured automatically based
on your username and hostname. Please check that they are accurate.
You can suppress this message by setting them explicitly:

    git config --global user.name "Your Name"
    git config --global user.email you@example.com

After doing this, you may fix the identity used for this commit with:

    git commit --amend --reset-author

 1 file changed, 16 insertions(+)
M	.local.git.out
M	total.txt
Your branch is up to date with 'origin/master'.
[master 478d3bb] Commit
 Committer: Naman Kansal <kansal2@data.cs.purdue.edu>
Your name and email address were configured automatically based
on your username and hostname. Please check that they are accurate.
You can suppress this message by setting them explicitly:

    git config --global user.name "Your Name"
    git config --global user.email you@example.com

After doing this, you may fix the identity used for this commit with:

    git commit --amend --reset-author

 2 files changed, 18 insertions(+)
M	.local.git.out
Your branch is up to date with 'origin/master'.
[master c312435] Commit
 Committer: Naman Kansal <kansal2@data.cs.purdue.edu>
Your name and email address were configured automatically based
on your username and hostname. Please check that they are accurate.
You can suppress this message by setting them explicitly:

    git config --global user.name "Your Name"
    git config --global user.email you@example.com

After doing this, you may fix the identity used for this commit with:

    git commit --amend --reset-author

 1 file changed, 16 insertions(+)
M	.local.git.out
M	total.txt
Your branch is up to date with 'origin/master'.
[master 476a8b5] Commit
 Committer: Naman Kansal <kansal2@data.cs.purdue.edu>
Your name and email address were configured automatically based
on your username and hostname. Please check that they are accurate.
You can suppress this message by setting them explicitly:

    git config --global user.name "Your Name"
    git config --global user.email you@example.com

After doing this, you may fix the identity used for this commit with:

    git commit --amend --reset-author

 2 files changed, 18 insertions(+)
M	.local.git.out
Your branch is up to date with 'origin/master'.
[master 6f1af3c] Commit
 Committer: Naman Kansal <kansal2@data.cs.purdue.edu>
Your name and email address were configured automatically based
on your username and hostname. Please check that they are accurate.
You can suppress this message by setting them explicitly:

    git config --global user.name "Your Name"
    git config --global user.email you@example.com

After doing this, you may fix the identity used for this commit with:

    git commit --amend --reset-author

 1 file changed, 16 insertions(+)
M	.local.git.out
Your branch is up to date with 'origin/master'.
[master a884377] Commit
 Committer: Naman Kansal <kansal2@data.cs.purdue.edu>
Your name and email address were configured automatically based
on your username and hostname. Please check that they are accurate.
You can suppress this message by setting them explicitly:

    git config --global user.name "Your Name"
    git config --global user.email you@example.com

After doing this, you may fix the identity used for this commit with:

    git commit --amend --reset-author

 1 file changed, 16 insertions(+)
M	.local.git.out
Your branch is up to date with 'origin/master'.
[master cd08564] Commit
 Committer: Naman Kansal <kansal2@data.cs.purdue.edu>
Your name and email address were configured automatically based
on your username and hostname. Please check that they are accurate.
You can suppress this message by setting them explicitly:

    git config --global user.name "Your Name"
    git config --global user.email you@example.com

After doing this, you may fix the identity used for this commit with:

    git commit --amend --reset-author

 1 file changed, 16 insertions(+)
M	.local.git.out
M	myMalloc.c
Your branch is up to date with 'origin/master'.
[master ecaed59] Commit
 Committer: Naman Kansal <kansal2@data.cs.purdue.edu>
Your name and email address were configured automatically based
on your username and hostname. Please check that they are accurate.
You can suppress this message by setting them explicitly:

    git config --global user.name "Your Name"
    git config --global user.email you@example.com

After doing this, you may fix the identity used for this commit with:

    git commit --amend --reset-author

 2 files changed, 18 insertions(+)
M	.local.git.out
Your branch is up to date with 'origin/master'.
[master 456db19] Commit
 Committer: Naman Kansal <kansal2@data.cs.purdue.edu>
Your name and email address were configured automatically based
on your username and hostname. Please check that they are accurate.
You can suppress this message by setting them explicitly:

    git config --global user.name "Your Name"
    git config --global user.email you@example.com

After doing this, you may fix the identity used for this commit with:

    git commit --amend --reset-author

 1 file changed, 16 insertions(+)
M	.local.git.out
D	examples/composite_ex
D	examples/constructor_ex
M	myMalloc.c
D	tests/test_all_lists
D	tests/test_coalesce_chunk_coalesce
D	tests/test_coalesce_chunk_insert
D	tests/test_corrupted_canary
D	tests/test_double_free
D	tests/test_exact
D	tests/test_free_both
D	tests/test_free_even
D	tests/test_free_insert
D	tests/test_free_left
D	tests/test_free_null
D	tests/test_free_odd
D	tests/test_free_right
D	tests/test_insert_chunk
D	tests/test_large
D	tests/test_locks
D	tests/test_malloc_large
D	tests/test_malloc_too_large
D	tests/test_malloc_zero
D	tests/test_multi_malloc
D	tests/test_out_of_ram
D	tests/test_random
D	tests/test_random_sizes
D	tests/test_simple0
D	tests/test_simple1
D	tests/test_simple2
D	tests/test_simple3
D	tests/test_simple4
D	tests/test_simple5
D	tests/test_simple6
D	tests/test_split
D	tests/test_verify
D	tests/test_very_large
M	total.txt
Your branch is up to date with 'origin/master'.
[master 8b68ad8] Commit
 Committer: Naman Kansal <kansal2@data.cs.purdue.edu>
Your name and email address were configured automatically based
on your username and hostname. Please check that they are accurate.
You can suppress this message by setting them explicitly:

    git config --global user.name "Your Name"
    git config --global user.email you@example.com

After doing this, you may fix the identity used for this commit with:

    git commit --amend --reset-author

 38 files changed, 84 insertions(+), 25 deletions(-)
 delete mode 100755 examples/composite_ex
 delete mode 100755 examples/constructor_ex
 delete mode 100755 tests/test_all_lists
 delete mode 100755 tests/test_coalesce_chunk_coalesce
 delete mode 100755 tests/test_coalesce_chunk_insert
 delete mode 100755 tests/test_corrupted_canary
 delete mode 100755 tests/test_double_free
 delete mode 100755 tests/test_exact
 delete mode 100755 tests/test_free_both
 delete mode 100755 tests/test_free_even
 delete mode 100755 tests/test_free_insert
 delete mode 100755 tests/test_free_left
 delete mode 100755 tests/test_free_null
 delete mode 100755 tests/test_free_odd
 delete mode 100755 tests/test_free_right
 delete mode 100755 tests/test_insert_chunk
 delete mode 100755 tests/test_large
 delete mode 100755 tests/test_locks
 delete mode 100755 tests/test_malloc_large
 delete mode 100755 tests/test_malloc_too_large
 delete mode 100755 tests/test_malloc_zero
 delete mode 100755 tests/test_multi_malloc
 delete mode 100755 tests/test_out_of_ram
 delete mode 100755 tests/test_random
 delete mode 100755 tests/test_random_sizes
 delete mode 100755 tests/test_simple0
 delete mode 100755 tests/test_simple1
 delete mode 100755 tests/test_simple2
 delete mode 100755 tests/test_simple3
 delete mode 100755 tests/test_simple4
 delete mode 100755 tests/test_simple5
 delete mode 100755 tests/test_simple6
 delete mode 100755 tests/test_split
 delete mode 100755 tests/test_verify
 delete mode 100755 tests/test_very_large
M	.local.git.out
Your branch is up to date with 'origin/master'.
[master 67aa5b0] Commit
 Committer: Naman Kansal <kansal2@data.cs.purdue.edu>
Your name and email address were configured automatically based
on your username and hostname. Please check that they are accurate.
You can suppress this message by setting them explicitly:

    git config --global user.name "Your Name"
    git config --global user.email you@example.com

After doing this, you may fix the identity used for this commit with:

    git commit --amend --reset-author

 1 file changed, 51 insertions(+)
M	.local.git.out
M	myMalloc.c
M	total.txt
Your branch is up to date with 'origin/master'.
[master 4458834] Commit
 Committer: Naman Kansal <kansal2@data.cs.purdue.edu>
Your name and email address were configured automatically based
on your username and hostname. Please check that they are accurate.
You can suppress this message by setting them explicitly:

    git config --global user.name "Your Name"
    git config --global user.email you@example.com

After doing this, you may fix the identity used for this commit with:

    git commit --amend --reset-author

 3 files changed, 294 insertions(+), 385 deletions(-)
 rewrite myMalloc.c (76%)
M	.local.git.out
Your branch is up to date with 'origin/master'.
[master 0373c50] Commit
 Committer: Naman Kansal <kansal2@data.cs.purdue.edu>
Your name and email address were configured automatically based
on your username and hostname. Please check that they are accurate.
You can suppress this message by setting them explicitly:

    git config --global user.name "Your Name"
    git config --global user.email you@example.com

After doing this, you may fix the identity used for this commit with:

    git commit --amend --reset-author

 1 file changed, 17 insertions(+)
M	.local.git.out
Your branch is up to date with 'origin/master'.
[master f3e3757] Commit
 Committer: Naman Kansal <kansal2@data.cs.purdue.edu>
Your name and email address were configured automatically based
on your username and hostname. Please check that they are accurate.
You can suppress this message by setting them explicitly:

    git config --global user.name "Your Name"
    git config --global user.email you@example.com

After doing this, you may fix the identity used for this commit with:

    git commit --amend --reset-author

 1 file changed, 16 insertions(+)
M	.local.git.out
Your branch is up to date with 'origin/master'.
[master 6ad4fbe] Commit
 Committer: Naman Kansal <kansal2@data.cs.purdue.edu>
Your name and email address were configured automatically based
on your username and hostname. Please check that they are accurate.
You can suppress this message by setting them explicitly:

    git config --global user.name "Your Name"
    git config --global user.email you@example.com

After doing this, you may fix the identity used for this commit with:

    git commit --amend --reset-author

 1 file changed, 16 insertions(+)
M	.local.git.out
M	myMalloc.c
Your branch is up to date with 'origin/master'.
[master 42aa9f0] Commit
 Committer: Naman Kansal <kansal2@data.cs.purdue.edu>
Your name and email address were configured automatically based
on your username and hostname. Please check that they are accurate.
You can suppress this message by setting them explicitly:

    git config --global user.name "Your Name"
    git config --global user.email you@example.com

After doing this, you may fix the identity used for this commit with:

    git commit --amend --reset-author

 2 files changed, 21 insertions(+)
M	.local.git.out
Your branch is up to date with 'origin/master'.
[master c7960e7] Commit
 Committer: Naman Kansal <kansal2@data.cs.purdue.edu>
Your name and email address were configured automatically based
on your username and hostname. Please check that they are accurate.
You can suppress this message by setting them explicitly:

    git config --global user.name "Your Name"
    git config --global user.email you@example.com

After doing this, you may fix the identity used for this commit with:

    git commit --amend --reset-author

 1 file changed, 16 insertions(+)
M	.local.git.out
M	myMalloc.c
Your branch is up to date with 'origin/master'.
[master 5bd3590] Commit
 Committer: Naman Kansal <kansal2@data.cs.purdue.edu>
Your name and email address were configured automatically based
on your username and hostname. Please check that they are accurate.
You can suppress this message by setting them explicitly:

    git config --global user.name "Your Name"
    git config --global user.email you@example.com

After doing this, you may fix the identity used for this commit with:

    git commit --amend --reset-author

 2 files changed, 468 insertions(+), 278 deletions(-)
 rewrite myMalloc.c (81%)
M	.local.git.out
Your branch is up to date with 'origin/master'.
[master 82e9d59] Commit
 Committer: Naman Kansal <kansal2@data.cs.purdue.edu>
Your name and email address were configured automatically based
on your username and hostname. Please check that they are accurate.
You can suppress this message by setting them explicitly:

    git config --global user.name "Your Name"
    git config --global user.email you@example.com

After doing this, you may fix the identity used for this commit with:

    git commit --amend --reset-author

 1 file changed, 17 insertions(+)
M	.local.git.out
M	myMalloc.c
M	total.txt
Your branch is up to date with 'origin/master'.
[master 4dc7c15] Commit
 Committer: Naman Kansal <kansal2@data.cs.purdue.edu>
Your name and email address were configured automatically based
on your username and hostname. Please check that they are accurate.
You can suppress this message by setting them explicitly:

    git config --global user.name "Your Name"
    git config --global user.email you@example.com

After doing this, you may fix the identity used for this commit with:

    git commit --amend --reset-author

 3 files changed, 403 insertions(+), 451 deletions(-)
 rewrite myMalloc.c (82%)
M	.local.git.out
Your branch is up to date with 'origin/master'.
[master db719b0] Commit
 Committer: Naman Kansal <kansal2@data.cs.purdue.edu>
Your name and email address were configured automatically based
on your username and hostname. Please check that they are accurate.
You can suppress this message by setting them explicitly:

    git config --global user.name "Your Name"
    git config --global user.email you@example.com

After doing this, you may fix the identity used for this commit with:

    git commit --amend --reset-author

 1 file changed, 17 insertions(+)
M	.local.git.out
M	myMalloc.c
M	total.txt
Your branch is up to date with 'origin/master'.
[master 7a2d885] Commit
 Committer: Naman Kansal <kansal2@data.cs.purdue.edu>
Your name and email address were configured automatically based
on your username and hostname. Please check that they are accurate.
You can suppress this message by setting them explicitly:

    git config --global user.name "Your Name"
    git config --global user.email you@example.com

After doing this, you may fix the identity used for this commit with:

    git commit --amend --reset-author

 3 files changed, 25 insertions(+), 6 deletions(-)
M	.local.git.out
Your branch is up to date with 'origin/master'.
[master b263cc4] Commit
 Committer: Naman Kansal <kansal2@data.cs.purdue.edu>
Your name and email address were configured automatically based
on your username and hostname. Please check that they are accurate.
You can suppress this message by setting them explicitly:

    git config --global user.name "Your Name"
    git config --global user.email you@example.com

After doing this, you may fix the identity used for this commit with:

    git commit --amend --reset-author

 1 file changed, 16 insertions(+)
M	.local.git.out
M	total.txt
Your branch is up to date with 'origin/master'.
[master 8f48f25] Commit
 Committer: Naman Kansal <kansal2@data.cs.purdue.edu>
Your name and email address were configured automatically based
on your username and hostname. Please check that they are accurate.
You can suppress this message by setting them explicitly:

    git config --global user.name "Your Name"
    git config --global user.email you@example.com

After doing this, you may fix the identity used for this commit with:

    git commit --amend --reset-author

 2 files changed, 18 insertions(+)
M	.local.git.out
Your branch is up to date with 'origin/master'.
[master adce38a] Commit
 Committer: Naman Kansal <kansal2@data.cs.purdue.edu>
Your name and email address were configured automatically based
on your username and hostname. Please check that they are accurate.
You can suppress this message by setting them explicitly:

    git config --global user.name "Your Name"
    git config --global user.email you@example.com

After doing this, you may fix the identity used for this commit with:

    git commit --amend --reset-author

 1 file changed, 16 insertions(+)
M	.local.git.out
M	myMalloc.c
Your branch is up to date with 'origin/master'.
[master acdd16e] Commit
 Committer: Naman Kansal <kansal2@data.cs.purdue.edu>
Your name and email address were configured automatically based
on your username and hostname. Please check that they are accurate.
You can suppress this message by setting them explicitly:

    git config --global user.name "Your Name"
    git config --global user.email you@example.com

After doing this, you may fix the identity used for this commit with:

    git commit --amend --reset-author

 2 files changed, 24 insertions(+), 10 deletions(-)
M	.local.git.out
Your branch is up to date with 'origin/master'.
[master 5604f91] Commit
 Committer: Naman Kansal <kansal2@data.cs.purdue.edu>
Your name and email address were configured automatically based
on your username and hostname. Please check that they are accurate.
You can suppress this message by setting them explicitly:

    git config --global user.name "Your Name"
    git config --global user.email you@example.com

After doing this, you may fix the identity used for this commit with:

    git commit --amend --reset-author

 1 file changed, 16 insertions(+)
D	actual_simple5.txt
D	dbg.txt
D	diff.txt
D	diff_simple5.txt
Your branch is up to date with 'origin/master'.
[master 7943e84] Commit
 Committer: Naman Kansal <kansal2@data.cs.purdue.edu>
Your name and email address were configured automatically based
on your username and hostname. Please check that they are accurate.
You can suppress this message by setting them explicitly:

    git config --global user.name "Your Name"
    git config --global user.email you@example.com

After doing this, you may fix the identity used for this commit with:

    git commit --amend --reset-author

 5 files changed, 5 insertions(+), 417955 deletions(-)
 delete mode 100644 actual_simple5.txt
 delete mode 100644 dbg.txt
 delete mode 100644 diff.txt
 delete mode 100644 diff_simple5.txt
M	.local.git.out
Your branch is up to date with 'origin/master'.
[master 62cc8c8] Commit
 Committer: Naman Kansal <kansal2@data.cs.purdue.edu>
Your name and email address were configured automatically based
on your username and hostname. Please check that they are accurate.
You can suppress this message by setting them explicitly:

    git config --global user.name "Your Name"
    git config --global user.email you@example.com

After doing this, you may fix the identity used for this commit with:

    git commit --amend --reset-author

 1 file changed, 20 insertions(+)
M	total.txt
Your branch is up to date with 'origin/master'.
[master 5ac506d] Commit
 Committer: Naman Kansal <kansal2@data.cs.purdue.edu>
Your name and email address were configured automatically based
on your username and hostname. Please check that they are accurate.
You can suppress this message by setting them explicitly:

    git config --global user.name "Your Name"
    git config --global user.email you@example.com

After doing this, you may fix the identity used for this commit with:

    git commit --amend --reset-author

 2 files changed, 3 insertions(+)
M	.local.git.out
Your branch is up to date with 'origin/master'.
[master c434321] Commit
 Committer: Naman Kansal <kansal2@data.cs.purdue.edu>
Your name and email address were configured automatically based
on your username and hostname. Please check that they are accurate.
You can suppress this message by setting them explicitly:

    git config --global user.name "Your Name"
    git config --global user.email you@example.com

After doing this, you may fix the identity used for this commit with:

    git commit --amend --reset-author

 1 file changed, 16 insertions(+)
M	.local.git.out
M	total.txt
Your branch is up to date with 'origin/master'.
[master 0e419d2] Commit
 Committer: Naman Kansal <kansal2@data.cs.purdue.edu>
Your name and email address were configured automatically based
on your username and hostname. Please check that they are accurate.
You can suppress this message by setting them explicitly:

    git config --global user.name "Your Name"
    git config --global user.email you@example.com

After doing this, you may fix the identity used for this commit with:

    git commit --amend --reset-author

 2 files changed, 18 insertions(+)
M	.local.git.out
Your branch is up to date with 'origin/master'.
[master fd7abc7] Commit
 Committer: Naman Kansal <kansal2@data.cs.purdue.edu>
Your name and email address were configured automatically based
on your username and hostname. Please check that they are accurate.
You can suppress this message by setting them explicitly:

    git config --global user.name "Your Name"
    git config --global user.email you@example.com

After doing this, you may fix the identity used for this commit with:

    git commit --amend --reset-author

 1 file changed, 16 insertions(+)
M	.local.git.out
D	examples/composite_ex
D	examples/constructor_ex
D	tests/test_all_lists
D	tests/test_coalesce_chunk_coalesce
D	tests/test_coalesce_chunk_insert
D	tests/test_corrupted_canary
D	tests/test_double_free
D	tests/test_exact
D	tests/test_free_both
D	tests/test_free_even
D	tests/test_free_insert
D	tests/test_free_left
D	tests/test_free_null
D	tests/test_free_odd
D	tests/test_free_right
D	tests/test_insert_chunk
D	tests/test_large
D	tests/test_locks
D	tests/test_malloc_large
D	tests/test_malloc_too_large
D	tests/test_malloc_zero
D	tests/test_multi_malloc
D	tests/test_out_of_ram
D	tests/test_random
D	tests/test_random_sizes
D	tests/test_simple0
D	tests/test_simple1
D	tests/test_simple2
D	tests/test_simple3
D	tests/test_simple4
D	tests/test_simple5
D	tests/test_simple6
D	tests/test_split
D	tests/test_verify
D	tests/test_very_large
Your branch is up to date with 'origin/master'.
[master e462942] Commit
 Committer: Naman Kansal <kansal2@data.cs.purdue.edu>
Your name and email address were configured automatically based
on your username and hostname. Please check that they are accurate.
You can suppress this message by setting them explicitly:

    git config --global user.name "Your Name"
    git config --global user.email you@example.com

After doing this, you may fix the identity used for this commit with:

    git commit --amend --reset-author

 36 files changed, 51 insertions(+)
 delete mode 100755 examples/composite_ex
 delete mode 100755 examples/constructor_ex
 delete mode 100755 tests/test_all_lists
 delete mode 100755 tests/test_coalesce_chunk_coalesce
 delete mode 100755 tests/test_coalesce_chunk_insert
 delete mode 100755 tests/test_corrupted_canary
 delete mode 100755 tests/test_double_free
 delete mode 100755 tests/test_exact
 delete mode 100755 tests/test_free_both
 delete mode 100755 tests/test_free_even
 delete mode 100755 tests/test_free_insert
 delete mode 100755 tests/test_free_left
 delete mode 100755 tests/test_free_null
 delete mode 100755 tests/test_free_odd
 delete mode 100755 tests/test_free_right
 delete mode 100755 tests/test_insert_chunk
 delete mode 100755 tests/test_large
 delete mode 100755 tests/test_locks
 delete mode 100755 tests/test_malloc_large
 delete mode 100755 tests/test_malloc_too_large
 delete mode 100755 tests/test_malloc_zero
 delete mode 100755 tests/test_multi_malloc
 delete mode 100755 tests/test_out_of_ram
 delete mode 100755 tests/test_random
 delete mode 100755 tests/test_random_sizes
 delete mode 100755 tests/test_simple0
 delete mode 100755 tests/test_simple1
 delete mode 100755 tests/test_simple2
 delete mode 100755 tests/test_simple3
 delete mode 100755 tests/test_simple4
 delete mode 100755 tests/test_simple5
 delete mode 100755 tests/test_simple6
 delete mode 100755 tests/test_split
 delete mode 100755 tests/test_verify
 delete mode 100755 tests/test_very_large
M	.local.git.out
Your branch is up to date with 'origin/master'.
[master 1eaf595] Commit
 Committer: Naman Kansal <kansal2@data.cs.purdue.edu>
Your name and email address were configured automatically based
on your username and hostname. Please check that they are accurate.
You can suppress this message by setting them explicitly:

    git config --global user.name "Your Name"
    git config --global user.email you@example.com

After doing this, you may fix the identity used for this commit with:

    git commit --amend --reset-author

 1 file changed, 51 insertions(+)
Your branch is up to date with 'origin/master'.
[master 603c565] Commit
 Committer: Naman Kansal <kansal2@data.cs.purdue.edu>
Your name and email address were configured automatically based
on your username and hostname. Please check that they are accurate.
You can suppress this message by setting them explicitly:

    git config --global user.name "Your Name"
    git config --global user.email you@example.com

After doing this, you may fix the identity used for this commit with:

    git commit --amend --reset-author

 1 file changed, 1 insertion(+)
M	.local.git.out
Your branch is up to date with 'origin/master'.
[master b6eadf9] Commit
 Committer: Naman Kansal <kansal2@data.cs.purdue.edu>
Your name and email address were configured automatically based
on your username and hostname. Please check that they are accurate.
You can suppress this message by setting them explicitly:

    git config --global user.name "Your Name"
    git config --global user.email you@example.com

After doing this, you may fix the identity used for this commit with:

    git commit --amend --reset-author

 1 file changed, 16 insertions(+)
M	.local.git.out
M	total.txt
Your branch is up to date with 'origin/master'.
[master ddfdc98] Commit
 Committer: Naman Kansal <kansal2@data.cs.purdue.edu>
Your name and email address were configured automatically based
on your username and hostname. Please check that they are accurate.
You can suppress this message by setting them explicitly:

    git config --global user.name "Your Name"
    git config --global user.email you@example.com

After doing this, you may fix the identity used for this commit with:

    git commit --amend --reset-author

 2 files changed, 20 insertions(+)
M	.local.git.out
Your branch is up to date with 'origin/master'.
[master ba7ce1e] Commit
 Committer: Naman Kansal <kansal2@data.cs.purdue.edu>
Your name and email address were configured automatically based
on your username and hostname. Please check that they are accurate.
You can suppress this message by setting them explicitly:

    git config --global user.name "Your Name"
    git config --global user.email you@example.com

After doing this, you may fix the identity used for this commit with:

    git commit --amend --reset-author

 1 file changed, 16 insertions(+)
